14:13:53 **** Incremental Build of configuration Debug for project 12_led_blink_HAL ****
make -j4 all 
arm-none-eabi-gcc "../Core/Src/main.c" -mcpu=cortex-m4 -std=gnu11 -g3 -DDEBUG -DUSE_HAL_DRIVER -DSTM32L476xx -c -I../Core/Inc -I../Drivers/STM32L4xx_HAL_Driver/Inc -I../Drivers/STM32L4xx_HAL_Driver/Inc/Legacy -I../Drivers/CMSIS/Device/ST/STM32L4xx/Include -I../Drivers/CMSIS/Include -O0 -ffunction-sections -fdata-sections -Wall -fstack-usage -fcyclomatic-complexity -MMD -MP -MF"Core/Src/main.d" -MT"Core/Src/main.o" --specs=nano.specs -mfpu=fpv4-sp-d16 -mfloat-abi=hard -mthumb -o "Core/Src/main.o"
arm-none-eabi-gcc -o "12_led_blink_HAL.elf" @"objects.list"   -mcpu=cortex-m4 -T"C:\Users\KOPPOLU MOUNIKA\OneDrive - BITSILICA Pvt. Ltd\Desktop\stm32\12_led_blink_HAL\STM32L476RGTX_FLASH.ld" --specs=nosys.specs -Wl,-Map="12_led_blink_HAL.map" -Wl,--gc-sections -static --specs=nano.specs -mfpu=fpv4-sp-d16 -mfloat-abi=hard -mthumb -Wl,--start-group -lc -lm -Wl,--end-group
Finished building target: 12_led_blink_HAL.elf
 
arm-none-eabi-size  12_led_blink_HAL.elf 
arm-none-eabi-objdump -h -S 12_led_blink_HAL.elf  > "12_led_blink_HAL.list"
   text	   data	    bss	    dec	    hex	filename
  15888	     92	   2164	  18144	   46e0	12_led_blink_HAL.elf
Finished building: default.size.stdout
 
Finished building: 12_led_blink_HAL.list
 

14:13:55 Build Finished. 0 errors, 0 warnings. (took 2s.17ms)

