15:23:17 **** Build of configuration Debug for project 15_HAL_ADC ****
make -j4 all 
arm-none-eabi-gcc "../Drivers/STM32L4xx_HAL_Driver/Src/stm32l4xx_hal.c" -mcpu=cortex-m4 -std=gnu11 -g3 -DDEBUG -DUSE_HAL_DRIVER -DSTM32L476xx -c -I"C:/Users/KOPPOLU MOUNIKA/OneDrive - BITSILICA Pvt. Ltd/Desktop/stm32/15_timer_HAL/Core/Inc" -I"C:/Users/KOPPOLU MOUNIKA/OneDrive - BITSILICA Pvt. Ltd/Desktop/stm32/15_timer_HAL/Core/Src" -I"C:/Users/KOPPOLU MOUNIKA/OneDrive - BITSILICA Pvt. Ltd/Desktop/stm32/15_timer_HAL/Core" -I"C:/Users/KOPPOLU MOUNIKA/OneDrive - BITSILICA Pvt. Ltd/Desktop/stm32/15_timer_HAL/Drivers/STM32L4xx_HAL_Driver/Src" -I"C:/Users/KOPPOLU MOUNIKA/OneDrive - BITSILICA Pvt. Ltd/Desktop/stm32/15_timer_HAL/Drivers/STM32L4xx_HAL_Driver/Inc" -I../Drivers/STM32L4xx_HAL_Driver/Inc -I../Drivers/STM32L4xx_HAL_Driver/Inc/Legacy -I../Drivers/CMSIS/Device/ST/STM32L4xx/Include -I../Drivers/CMSIS/Include -O0 -ffunction-sections -fdata-sections -Wall -fstack-usage -fcyclomatic-complexity -MMD -MP -MF"Drivers/STM32L4xx_HAL_Driver/Src/stm32l4xx_hal.d" -MT"Drivers/STM32L4xx_HAL_Driver/Src/stm32l4xx_hal.o" --specs=nano.specs -mfpu=fpv4-sp-d16 -mfloat-abi=hard -mthumb -o "Drivers/STM32L4xx_HAL_Driver/Src/stm32l4xx_hal.o"
arm-none-eabi-gcc "../Drivers/STM32L4xx_HAL_Driver/Src/stm32l4xx_hal_adc.c" -mcpu=cortex-m4 -std=gnu11 -g3 -DDEBUG -DUSE_HAL_DRIVER -DSTM32L476xx -c -I"C:/Users/KOPPOLU MOUNIKA/OneDrive - BITSILICA Pvt. Ltd/Desktop/stm32/15_timer_HAL/Core/Inc" -I"C:/Users/KOPPOLU MOUNIKA/OneDrive - BITSILICA Pvt. Ltd/Desktop/stm32/15_timer_HAL/Core/Src" -I"C:/Users/KOPPOLU MOUNIKA/OneDrive - BITSILICA Pvt. Ltd/Desktop/stm32/15_timer_HAL/Core" -I"C:/Users/KOPPOLU MOUNIKA/OneDrive - BITSILICA Pvt. Ltd/Desktop/stm32/15_timer_HAL/Drivers/STM32L4xx_HAL_Driver/Src" -I"C:/Users/KOPPOLU MOUNIKA/OneDrive - BITSILICA Pvt. Ltd/Desktop/stm32/15_timer_HAL/Drivers/STM32L4xx_HAL_Driver/Inc" -I../Drivers/STM32L4xx_HAL_Driver/Inc -I../Drivers/STM32L4xx_HAL_Driver/Inc/Legacy -I../Drivers/CMSIS/Device/ST/STM32L4xx/Include -I../Drivers/CMSIS/Include -O0 -ffunction-sections -fdata-sections -Wall -fstack-usage -fcyclomatic-complexity -MMD -MP -MF"Drivers/STM32L4xx_HAL_Driver/Src/stm32l4xx_hal_adc.d" -MT"Drivers/STM32L4xx_HAL_Driver/Src/stm32l4xx_hal_adc.o" --specs=nano.specs -mfpu=fpv4-sp-d16 -mfloat-abi=hard -mthumb -o "Drivers/STM32L4xx_HAL_Driver/Src/stm32l4xx_hal_adc.o"
arm-none-eabi-gcc "../Drivers/STM32L4xx_HAL_Driver/Src/stm32l4xx_hal_adc_ex.c" -mcpu=cortex-m4 -std=gnu11 -g3 -DDEBUG -DUSE_HAL_DRIVER -DSTM32L476xx -c -I"C:/Users/KOPPOLU MOUNIKA/OneDrive - BITSILICA Pvt. Ltd/Desktop/stm32/15_timer_HAL/Core/Inc" -I"C:/Users/KOPPOLU MOUNIKA/OneDrive - BITSILICA Pvt. Ltd/Desktop/stm32/15_timer_HAL/Core/Src" -I"C:/Users/KOPPOLU MOUNIKA/OneDrive - BITSILICA Pvt. Ltd/Desktop/stm32/15_timer_HAL/Core" -I"C:/Users/KOPPOLU MOUNIKA/OneDrive - BITSILICA Pvt. Ltd/Desktop/stm32/15_timer_HAL/Drivers/STM32L4xx_HAL_Driver/Src" -I"C:/Users/KOPPOLU MOUNIKA/OneDrive - BITSILICA Pvt. Ltd/Desktop/stm32/15_timer_HAL/Drivers/STM32L4xx_HAL_Driver/Inc" -I../Drivers/STM32L4xx_HAL_Driver/Inc -I../Drivers/STM32L4xx_HAL_Driver/Inc/Legacy -I../Drivers/CMSIS/Device/ST/STM32L4xx/Include -I../Drivers/CMSIS/Include -O0 -ffunction-sections -fdata-sections -Wall -fstack-usage -fcyclomatic-complexity -MMD -MP -MF"Drivers/STM32L4xx_HAL_Driver/Src/stm32l4xx_hal_adc_ex.d" -MT"Drivers/STM32L4xx_HAL_Driver/Src/stm32l4xx_hal_adc_ex.o" --specs=nano.specs -mfpu=fpv4-sp-d16 -mfloat-abi=hard -mthumb -o "Drivers/STM32L4xx_HAL_Driver/Src/stm32l4xx_hal_adc_ex.o"
arm-none-eabi-gcc "../Drivers/STM32L4xx_HAL_Driver/Src/stm32l4xx_hal_cortex.c" -mcpu=cortex-m4 -std=gnu11 -g3 -DDEBUG -DUSE_HAL_DRIVER -DSTM32L476xx -c -I"C:/Users/KOPPOLU MOUNIKA/OneDrive - BITSILICA Pvt. Ltd/Desktop/stm32/15_timer_HAL/Core/Inc" -I"C:/Users/KOPPOLU MOUNIKA/OneDrive - BITSILICA Pvt. Ltd/Desktop/stm32/15_timer_HAL/Core/Src" -I"C:/Users/KOPPOLU MOUNIKA/OneDrive - BITSILICA Pvt. Ltd/Desktop/stm32/15_timer_HAL/Core" -I"C:/Users/KOPPOLU MOUNIKA/OneDrive - BITSILICA Pvt. Ltd/Desktop/stm32/15_timer_HAL/Drivers/STM32L4xx_HAL_Driver/Src" -I"C:/Users/KOPPOLU MOUNIKA/OneDrive - BITSILICA Pvt. Ltd/Desktop/stm32/15_timer_HAL/Drivers/STM32L4xx_HAL_Driver/Inc" -I../Drivers/STM32L4xx_HAL_Driver/Inc -I../Drivers/STM32L4xx_HAL_Driver/Inc/Legacy -I../Drivers/CMSIS/Device/ST/STM32L4xx/Include -I../Drivers/CMSIS/Include -O0 -ffunction-sections -fdata-sections -Wall -fstack-usage -fcyclomatic-complexity -MMD -MP -MF"Drivers/STM32L4xx_HAL_Driver/Src/stm32l4xx_hal_cortex.d" -MT"Drivers/STM32L4xx_HAL_Driver/Src/stm32l4xx_hal_cortex.o" --specs=nano.specs -mfpu=fpv4-sp-d16 -mfloat-abi=hard -mthumb -o "Drivers/STM32L4xx_HAL_Driver/Src/stm32l4xx_hal_cortex.o"
In file included from ../Drivers/STM32L4xx_HAL_Driver/Src/stm32l4xx_hal_adc_ex.c:33:
../Drivers/STM32L4xx_HAL_Driver/Inc/stm32l4xx_hal.h:29:10: fatal error: stm32l4xx_hal_conf.h: No such file or directory
   29 | #include "stm32l4xx_hal_conf.h"
      |          ^~~~~~~~~~~~~~~~~~~~~~
In file included from ../Drivers/STM32L4xx_HAL_Driver/Src/stm32l4xx_hal.c:36:
../Drivers/STM32L4xx_HAL_Driver/Inc/stm32l4xx_hal.h:29:10: fatal error: stm32l4xx_hal_conf.h: No such file or directory
   29 | #include "stm32l4xx_hal_conf.h"
      |          ^~~~~~~~~~~~~~~~~~~~~~
In file included from ../Drivers/STM32L4xx_HAL_Driver/Src/stm32l4xx_hal_adc.c:295:
../Drivers/STM32L4xx_HAL_Driver/Inc/stm32l4xx_hal.h:29:10: fatal error: stm32l4xx_hal_conf.h: No such file or directory
   29 | #include "stm32l4xx_hal_conf.h"
      |          ^~~~~~~~~~~~~~~~~~~~~~
In file included from ../Drivers/STM32L4xx_HAL_Driver/Src/stm32l4xx_hal_cortex.c:104:
../Drivers/STM32L4xx_HAL_Driver/Inc/stm32l4xx_hal.h:29:10: fatal error: stm32l4xx_hal_conf.h: No such file or directory
   29 | #include "stm32l4xx_hal_conf.h"
      |          ^~~~~~~~~~~~~~~~~~~~~~
compilation terminated.
compilation terminated.
compilation terminated.
compilation terminated.
make: *** [Drivers/STM32L4xx_HAL_Driver/Src/subdir.mk:79: Drivers/STM32L4xx_HAL_Driver/Src/stm32l4xx_hal.o] Error 1
make: *** Waiting for unfinished jobs....
make: *** [Drivers/STM32L4xx_HAL_Driver/Src/subdir.mk:79: Drivers/STM32L4xx_HAL_Driver/Src/stm32l4xx_hal_adc.o] Error 1
make: *** [Drivers/STM32L4xx_HAL_Driver/Src/subdir.mk:79: Drivers/STM32L4xx_HAL_Driver/Src/stm32l4xx_hal_adc_ex.o] Error 1
make: *** [Drivers/STM32L4xx_HAL_Driver/Src/subdir.mk:79: Drivers/STM32L4xx_HAL_Driver/Src/stm32l4xx_hal_cortex.o] Error 1
"make -j4 all" terminated with exit code 2. Build might be incomplete.

15:23:21 Build Failed. 9 errors, 0 warnings. (took 4s.157ms)

