14:58:09 **** Build of configuration Debug for project 05_GPIO_Interrupt ****
make -j4 all 
arm-none-eabi-gcc -mcpu=cortex-m4 -g3 -DDEBUG -c -x assembler-with-cpp -MMD -MP -MF"Startup/startup_stm32l476rgtx.d" -MT"Startup/startup_stm32l476rgtx.o" --specs=nano.specs -mfpu=fpv4-sp-d16 -mfloat-abi=hard -mthumb -o "Startup/startup_stm32l476rgtx.o" "../Startup/startup_stm32l476rgtx.s"
arm-none-eabi-gcc "../Src/main.c" -mcpu=cortex-m4 -std=gnu11 -g3 -DDEBUG -DSTM32L4 -DSTM32 -DNUCLEO_L476RG -DSTM32L476RGTx -c -I../Inc -I"C:/Users/KOPPOLU MOUNIKA/OneDrive - BITSILICA Pvt. Ltd/Desktop/stm32/05_GPIO_Interrupt/Drivers/Inc" -O0 -ffunction-sections -fdata-sections -Wall -fstack-usage -fcyclomatic-complexity -MMD -MP -MF"Src/main.d" -MT"Src/main.o" --specs=nano.specs -mfpu=fpv4-sp-d16 -mfloat-abi=hard -mthumb -o "Src/main.o"
arm-none-eabi-gcc "../Src/syscalls.c" -mcpu=cortex-m4 -std=gnu11 -g3 -DDEBUG -DSTM32L4 -DSTM32 -DNUCLEO_L476RG -DSTM32L476RGTx -c -I../Inc -I"C:/Users/KOPPOLU MOUNIKA/OneDrive - BITSILICA Pvt. Ltd/Desktop/stm32/05_GPIO_Interrupt/Drivers/Inc" -O0 -ffunction-sections -fdata-sections -Wall -fstack-usage -fcyclomatic-complexity -MMD -MP -MF"Src/syscalls.d" -MT"Src/syscalls.o" --specs=nano.specs -mfpu=fpv4-sp-d16 -mfloat-abi=hard -mthumb -o "Src/syscalls.o"
arm-none-eabi-gcc "../Src/sysmem.c" -mcpu=cortex-m4 -std=gnu11 -g3 -DDEBUG -DSTM32L4 -DSTM32 -DNUCLEO_L476RG -DSTM32L476RGTx -c -I../Inc -I"C:/Users/KOPPOLU MOUNIKA/OneDrive - BITSILICA Pvt. Ltd/Desktop/stm32/05_GPIO_Interrupt/Drivers/Inc" -O0 -ffunction-sections -fdata-sections -Wall -fstack-usage -fcyclomatic-complexity -MMD -MP -MF"Src/sysmem.d" -MT"Src/sysmem.o" --specs=nano.specs -mfpu=fpv4-sp-d16 -mfloat-abi=hard -mthumb -o "Src/sysmem.o"
arm-none-eabi-gcc "../Drivers/Src/stm32l4xx_gpio_driver.c" -mcpu=cortex-m4 -std=gnu11 -g3 -DDEBUG -DSTM32L4 -DSTM32 -DNUCLEO_L476RG -DSTM32L476RGTx -c -I../Inc -I"C:/Users/KOPPOLU MOUNIKA/OneDrive - BITSILICA Pvt. Ltd/Desktop/stm32/05_GPIO_Interrupt/Drivers/Inc" -O0 -ffunction-sections -fdata-sections -Wall -fstack-usage -fcyclomatic-complexity -MMD -MP -MF"Drivers/Src/stm32l4xx_gpio_driver.d" -MT"Drivers/Src/stm32l4xx_gpio_driver.o" --specs=nano.specs -mfpu=fpv4-sp-d16 -mfloat-abi=hard -mthumb -o "Drivers/Src/stm32l4xx_gpio_driver.o"
arm-none-eabi-gcc -o "05_GPIO_Interrupt.elf" @"objects.list"   -mcpu=cortex-m4 -T"C:\Users\KOPPOLU MOUNIKA\OneDrive - BITSILICA Pvt. Ltd\Desktop\stm32\05_GPIO_Interrupt\STM32L476RGTX_FLASH.ld" --specs=nosys.specs -Wl,-Map="05_GPIO_Interrupt.map" -Wl,--gc-sections -static --specs=nano.specs -mfpu=fpv4-sp-d16 -mfloat-abi=hard -mthumb -Wl,--start-group -lc -lm -Wl,--end-group
Finished building target: 05_GPIO_Interrupt.elf
 
arm-none-eabi-size  05_GPIO_Interrupt.elf 
arm-none-eabi-objdump -h -S 05_GPIO_Interrupt.elf  > "05_GPIO_Interrupt.list"
   text	   data	    bss	    dec	    hex	filename
   2164	      0	   1568	   3732	    e94	05_GPIO_Interrupt.elf
Finished building: default.size.stdout
 
Finished building: 05_GPIO_Interrupt.list
 
14:58:24 **** Incremental Build of configuration Debug for project 05_GPIO_Interrupt ****
make -j4 all 
arm-none-eabi-size  05_GPIO_Interrupt.elf 
   text	   data	    bss	    dec	    hex	filename
   2164	      0	   1568	   3732	    e94	05_GPIO_Interrupt.elf
Finished building: default.size.stdout
 
